Testing API Key...
Key found (first 5 chars): AIzaS...
Key length: 39
node : API Key Test 
Failed: 
[GoogleGenerativeAI 
Error]: Error fetching 
from https://generative
language.googleapis.com
/v1beta/models/gemini-1
.5-flash:generateConten
t: [404 Not Found] mode
ls/gemini-1.5-flash is 
not found for API 
version v1beta, or is 
not supported for 
generateContent. Call 
ListModels to see the 
list of available 
models and their 
supported methods.
At line:1 char:1
+ node test-api.js > 
test-output.txt 2>&1
+ ~~~~~~~~~~~~~~~~~~~~~
~~~~~~~~~~~~~~~~~~
    + CategoryInfo     
         : NotSpecifi  
  ed: (API Key Test    
 Fa...ported method    
s.:String) [], Rem    
oteException
    + FullyQualifiedEr 
   rorId : NativeComm  
  andError
 
